[0m14:58:25.277834 [debug] [MainThread]: Sending event: {'category': 'dbt', 'action': 'invocation', 'label': 'start', 'context': [<snowplow_tracker.self_describing_json.SelfDescribingJson object at 0x70829d413dc0>, <snowplow_tracker.self_describing_json.SelfDescribingJson object at 0x70829b28d1b0>, <snowplow_tracker.self_describing_json.SelfDescribingJson object at 0x70829b28d1e0>]}


============================== 14:58:25.283714 | 190a368c-a1b6-46e1-adfa-07012641c078 ==============================
[0m14:58:25.283714 [info ] [MainThread]: Running with dbt=1.6.1
[0m14:58:25.284339 [debug] [MainThread]: running dbt with arguments {'printer_width': '80', 'indirect_selection': 'eager', 'write_json': 'True', 'log_cache_events': 'False', 'partial_parse': 'True', 'cache_selected_only': 'False', 'profiles_dir': '/home/vscode/.dbt', 'fail_fast': 'False', 'version_check': 'True', 'log_path': 'logs', 'debug': 'False', 'warn_error': 'None', 'use_colors': 'True', 'use_experimental_parser': 'False', 'no_print': 'None', 'quiet': 'False', 'log_format': 'default', 'static_parser': 'True', 'introspect': 'True', 'warn_error_options': 'WarnErrorOptions(include=[], exclude=[])', 'target_path': 'None', 'invocation_command': 'dbt init', 'send_anonymous_usage_stats': 'True'}
[0m14:58:25.284800 [warn ] [MainThread]: [ConfigFolderDirectory]: Unable to parse dict {'dir': PosixPath('/home/vscode/.dbt')}
[0m14:58:25.285204 [info ] [MainThread]: Creating dbt configuration folder at 
[0m14:58:52.410237 [debug] [MainThread]: Starter project path: /home/vscode/.local/lib/python3.10/site-packages/dbt/include/starter_project
[0m14:58:52.413170 [info ] [MainThread]: 
Your new dbt project "nyc_parking_violations" was created!

For more information on how to configure the profiles.yml file,
please consult the dbt documentation here:

  https://docs.getdbt.com/docs/configure-your-profile

One more thing:

Need help? Don't hesitate to reach out to us via GitHub issues or on Slack:

  https://community.getdbt.com/

Happy modeling!

[0m14:58:52.413756 [info ] [MainThread]: Setting up your profile.
[0m14:59:23.905288 [info ] [MainThread]: No sample profile found for duckdb.
[0m14:59:23.906034 [debug] [MainThread]: Command `dbt init` succeeded at 14:59:23.905874 after 58.63 seconds
[0m14:59:23.906447 [debug] [MainThread]: Sending event: {'category': 'dbt', 'action': 'invocation', 'label': 'end', 'context': [<snowplow_tracker.self_describing_json.SelfDescribingJson object at 0x70829d413dc0>, <snowplow_tracker.self_describing_json.SelfDescribingJson object at 0x70829b1297b0>, <snowplow_tracker.self_describing_json.SelfDescribingJson object at 0x70829b129870>]}
[0m14:59:23.906862 [debug] [MainThread]: Flushing usage events
